{
  "$schema": "http://json.schemastore.org/sarif-1.0.0",
  "version": "1.0.0",
  "runs": [
    {
      "tool": {
        "name": "Microsoft (R) Visual C# Compiler",
        "version": "5.3.0.0",
        "fileVersion": "5.3.0-2.26153.122 (4d3023de605a78ba3e59e50c657eed70f125c68a)",
        "semanticVersion": "5.3.0",
        "language": "en-US"
      },
      "results": [
        {
          "ruleId": "CS1061",
          "level": "error",
          "message": "'SqlClientTraceInstrumentationOptions' does not contain a definition for 'SetDbStatementForText' and no accessible extension method 'SetDbStatementForText' accepting a first argument of type 'SqlClientTraceInstrumentationOptions' could be found (are you missing a using directive or an assembly reference?)",
          "locations": [
            {
              "resultFile": {
                "uri": "file:///C:/Users/msi2k/Documents/01.FPT_MATERIALs/CapitalBistro/src/Services/Inventory/CFMS.InventoryService.API/Program.cs",
                "region": {
                  "startLine": 88,
                  "startColumn": 61,
                  "endLine": 88,
                  "endColumn": 82
                }
              }
            }
          ]
        },
        {
          "ruleId": "CA1873",
          "level": "note",
          "message": "Evaluation of this argument may be expensive and unnecessary if logging is disabled",
          "locations": [
            {
              "resultFile": {
                "uri": "file:///C:/Users/msi2k/Documents/01.FPT_MATERIALs/CapitalBistro/src/Services/Inventory/CFMS.InventoryService.API/Consumers/InventoryOrderCreatedConsumer.cs",
                "region": {
                  "startLine": 25,
                  "startColumn": 13,
                  "endLine": 25,
                  "endColumn": 96
                }
              }
            }
          ],
          "properties": {
            "warningLevel": 1
          }
        },
        {
          "ruleId": "CA1873",
          "level": "note",
          "message": "Evaluation of this argument may be expensive and unnecessary if logging is disabled",
          "locations": [
            {
              "resultFile": {
                "uri": "file:///C:/Users/msi2k/Documents/01.FPT_MATERIALs/CapitalBistro/src/Services/Inventory/CFMS.InventoryService.API/Consumers/InventoryOrderCreatedConsumer.cs",
                "region": {
                  "startLine": 53,
                  "startColumn": 25,
                  "endLine": 53,
                  "endColumn": 140
                }
              }
            }
          ],
          "properties": {
            "warningLevel": 1
          }
        },
        {
          "ruleId": "CA2208",
          "level": "note",
          "message": "Method <Main>$ passes 'JwtSettings:SecretKey is not configured.' as the paramName argument to a ArgumentNullException constructor. Replace this argument with one of the method's parameter names. Note that the provided parameter name should have the exact casing as declared on the method.",
          "locations": [
            {
              "resultFile": {
                "uri": "file:///C:/Users/msi2k/Documents/01.FPT_MATERIALs/CapitalBistro/src/Services/Inventory/CFMS.InventoryService.API/Program.cs",
                "region": {
                  "startLine": 101,
                  "startColumn": 11,
                  "endLine": 101,
                  "endColumn": 80
                }
              }
            }
          ],
          "properties": {
            "warningLevel": 1
          }
        }
      ],
      "rules": {
        "CA1873": {
          "id": "CA1873",
          "shortDescription": "Avoid potentially expensive logging",
          "fullDescription": "In many situations, logging is disabled or set to a log level that results in an unnecessary evaluation for this argument.",
          "defaultLevel": "note",
          "helpUri": "https://learn.microsoft.com/dotnet/fundamentals/code-analysis/quality-rules/ca1873",
          "properties": {
            "category": "Performance",
            "isEnabledByDefault": true,
            "tags": [
              "Telemetry",
              "EnabledRuleInAggressiveMode"
            ]
          }
        },
        "CA2208": {
          "id": "CA2208",
          "shortDescription": "Instantiate argument exceptions correctly",
          "fullDescription": "A call is made to the default (parameterless) constructor of an exception type that is or derives from ArgumentException, or an incorrect string argument is passed to a parameterized constructor of an exception type that is or derives from ArgumentException.",
          "defaultLevel": "note",
          "helpUri": "https://learn.microsoft.com/dotnet/fundamentals/code-analysis/quality-rules/ca2208",
          "properties": {
            "category": "Usage",
            "isEnabledByDefault": true,
            "tags": [
              "PortedFromFxCop",
              "Telemetry",
              "EnabledRuleInAggressiveMode"
            ]
          }
        },
        "CS1061": {
          "id": "CS1061",
          "defaultLevel": "error",
          "helpUri": "https://msdn.microsoft.com/query/roslyn.query?appId=roslyn&k=k(CS1061)",
          "properties": {
            "category": "Compiler",
            "isEnabledByDefault": true,
            "tags": [
              "Compiler",
              "Telemetry",
              "NotConfigurable"
            ]
          }
        }
      }
    }
  ]
}