{
  "$schema": "http://json.schemastore.org/sarif-1.0.0",
  "version": "1.0.0",
  "runs": [
    {
      "tool": {
        "name": "Microsoft (R) Visual C# Compiler",
        "version": "5.3.0.0",
        "fileVersion": "5.3.0-2.26153.122 (4d3023de605a78ba3e59e50c657eed70f125c68a)",
        "semanticVersion": "5.3.0",
        "language": "en-US"
      },
      "results": [
        {
          "ruleId": "CS8618",
          "level": "warning",
          "message": "Non-nullable property 'Note' must contain a non-null value when exiting constructor. Consider adding the 'required' modifier or declaring the property as nullable.",
          "locations": [
            {
              "resultFile": {
                "uri": "file:///C:/Users/msi2k/Documents/01.FPT_MATERIALs/CapitalBistro/src/Services/Customer/CFMS.CustomerService.API/DTOs/CustomerDTOs.cs",
                "region": {
                  "startLine": 18,
                  "startColumn": 23,
                  "endLine": 18,
                  "endColumn": 27
                }
              }
            }
          ],
          "relatedLocations": [
            {
              "physicalLocation": {
                "uri": "file:///C:/Users/msi2k/Documents/01.FPT_MATERIALs/CapitalBistro/src/Services/Customer/CFMS.CustomerService.API/DTOs/CustomerDTOs.cs",
                "region": {
                  "startLine": 18,
                  "startColumn": 23,
                  "endLine": 18,
                  "endColumn": 27
                }
              }
            }
          ],
          "properties": {
            "warningLevel": 1
          }
        },
        {
          "ruleId": "CS8618",
          "level": "warning",
          "message": "Non-nullable property 'FullName' must contain a non-null value when exiting constructor. Consider adding the 'required' modifier or declaring the property as nullable.",
          "locations": [
            {
              "resultFile": {
                "uri": "file:///C:/Users/msi2k/Documents/01.FPT_MATERIALs/CapitalBistro/src/Services/Customer/CFMS.CustomerService.API/DTOs/CustomerDTOs.cs",
                "region": {
                  "startLine": 7,
                  "startColumn": 23,
                  "endLine": 7,
                  "endColumn": 31
                }
              }
            }
          ],
          "relatedLocations": [
            {
              "physicalLocation": {
                "uri": "file:///C:/Users/msi2k/Documents/01.FPT_MATERIALs/CapitalBistro/src/Services/Customer/CFMS.CustomerService.API/DTOs/CustomerDTOs.cs",
                "region": {
                  "startLine": 7,
                  "startColumn": 23,
                  "endLine": 7,
                  "endColumn": 31
                }
              }
            }
          ],
          "properties": {
            "warningLevel": 1
          }
        },
        {
          "ruleId": "CS8618",
          "level": "warning",
          "message": "Non-nullable property 'PhoneNumber' must contain a non-null value when exiting constructor. Consider adding the 'required' modifier or declaring the property as nullable.",
          "locations": [
            {
              "resultFile": {
                "uri": "file:///C:/Users/msi2k/Documents/01.FPT_MATERIALs/CapitalBistro/src/Services/Customer/CFMS.CustomerService.API/DTOs/CustomerDTOs.cs",
                "region": {
                  "startLine": 8,
                  "startColumn": 23,
                  "endLine": 8,
                  "endColumn": 34
                }
              }
            }
          ],
          "relatedLocations": [
            {
              "physicalLocation": {
                "uri": "file:///C:/Users/msi2k/Documents/01.FPT_MATERIALs/CapitalBistro/src/Services/Customer/CFMS.CustomerService.API/DTOs/CustomerDTOs.cs",
                "region": {
                  "startLine": 8,
                  "startColumn": 23,
                  "endLine": 8,
                  "endColumn": 34
                }
              }
            }
          ],
          "properties": {
            "warningLevel": 1
          }
        },
        {
          "ruleId": "CS8618",
          "level": "warning",
          "message": "Non-nullable property 'Email' must contain a non-null value when exiting constructor. Consider adding the 'required' modifier or declaring the property as nullable.",
          "locations": [
            {
              "resultFile": {
                "uri": "file:///C:/Users/msi2k/Documents/01.FPT_MATERIALs/CapitalBistro/src/Services/Customer/CFMS.CustomerService.API/DTOs/CustomerDTOs.cs",
                "region": {
                  "startLine": 9,
                  "startColumn": 23,
                  "endLine": 9,
                  "endColumn": 28
                }
              }
            }
          ],
          "relatedLocations": [
            {
              "physicalLocation": {
                "uri": "file:///C:/Users/msi2k/Documents/01.FPT_MATERIALs/CapitalBistro/src/Services/Customer/CFMS.CustomerService.API/DTOs/CustomerDTOs.cs",
                "region": {
                  "startLine": 9,
                  "startColumn": 23,
                  "endLine": 9,
                  "endColumn": 28
                }
              }
            }
          ],
          "properties": {
            "warningLevel": 1
          }
        },
        {
          "ruleId": "CS1061",
          "level": "error",
          "message": "'CustomerInfo' does not contain a definition for 'LoyaltyPoints' and no accessible extension method 'LoyaltyPoints' accepting a first argument of type 'CustomerInfo' could be found (are you missing a using directive or an assembly reference?)",
          "locations": [
            {
              "resultFile": {
                "uri": "file:///C:/Users/msi2k/Documents/01.FPT_MATERIALs/CapitalBistro/src/Services/Customer/CFMS.CustomerService.API/Consumers/CustomerLoyaltyConsumer.cs",
                "region": {
                  "startLine": 48,
                  "startColumn": 30,
                  "endLine": 48,
                  "endColumn": 43
                }
              }
            }
          ]
        },
        {
          "ruleId": "CS0117",
          "level": "error",
          "message": "'LoyaltyTransaction' does not contain a definition for 'Points'",
          "locations": [
            {
              "resultFile": {
                "uri": "file:///C:/Users/msi2k/Documents/01.FPT_MATERIALs/CapitalBistro/src/Services/Customer/CFMS.CustomerService.API/Consumers/CustomerLoyaltyConsumer.cs",
                "region": {
                  "startLine": 54,
                  "startColumn": 25,
                  "endLine": 54,
                  "endColumn": 31
                }
              }
            }
          ]
        },
        {
          "ruleId": "CS0117",
          "level": "error",
          "message": "'LoyaltyTransaction' does not contain a definition for 'Type'",
          "locations": [
            {
              "resultFile": {
                "uri": "file:///C:/Users/msi2k/Documents/01.FPT_MATERIALs/CapitalBistro/src/Services/Customer/CFMS.CustomerService.API/Consumers/CustomerLoyaltyConsumer.cs",
                "region": {
                  "startLine": 55,
                  "startColumn": 25,
                  "endLine": 55,
                  "endColumn": 29
                }
              }
            }
          ]
        },
        {
          "ruleId": "CS0117",
          "level": "error",
          "message": "'LoyaltyTransaction' does not contain a definition for 'Description'",
          "locations": [
            {
              "resultFile": {
                "uri": "file:///C:/Users/msi2k/Documents/01.FPT_MATERIALs/CapitalBistro/src/Services/Customer/CFMS.CustomerService.API/Consumers/CustomerLoyaltyConsumer.cs",
                "region": {
                  "startLine": 56,
                  "startColumn": 25,
                  "endLine": 56,
                  "endColumn": 36
                }
              }
            }
          ]
        },
        {
          "ruleId": "CA1873",
          "level": "note",
          "message": "Evaluation of this argument may be expensive and unnecessary if logging is disabled",
          "locations": [
            {
              "resultFile": {
                "uri": "file:///C:/Users/msi2k/Documents/01.FPT_MATERIALs/CapitalBistro/src/Services/Customer/CFMS.CustomerService.API/Consumers/CustomerLoyaltyConsumer.cs",
                "region": {
                  "startLine": 28,
                  "startColumn": 17,
                  "endLine": 28,
                  "endColumn": 118
                }
              }
            }
          ],
          "properties": {
            "warningLevel": 1
          }
        },
        {
          "ruleId": "CA1873",
          "level": "note",
          "message": "Evaluation of this argument may be expensive and unnecessary if logging is disabled",
          "locations": [
            {
              "resultFile": {
                "uri": "file:///C:/Users/msi2k/Documents/01.FPT_MATERIALs/CapitalBistro/src/Services/Customer/CFMS.CustomerService.API/Consumers/CustomerLoyaltyConsumer.cs",
                "region": {
                  "startLine": 32,
                  "startColumn": 13,
                  "endLine": 32,
                  "endColumn": 137
                }
              }
            }
          ],
          "properties": {
            "warningLevel": 1
          }
        },
        {
          "ruleId": "CA1873",
          "level": "note",
          "message": "Evaluation of this argument may be expensive and unnecessary if logging is disabled",
          "locations": [
            {
              "resultFile": {
                "uri": "file:///C:/Users/msi2k/Documents/01.FPT_MATERIALs/CapitalBistro/src/Services/Customer/CFMS.CustomerService.API/Consumers/CustomerLoyaltyConsumer.cs",
                "region": {
                  "startLine": 60,
                  "startColumn": 21,
                  "endLine": 60,
                  "endColumn": 120
                }
              }
            }
          ],
          "properties": {
            "warningLevel": 1
          }
        },
        {
          "ruleId": "CA2208",
          "level": "note",
          "message": "Method <Main>$ passes 'JwtSettings:SecretKey is not configured.' as the paramName argument to a ArgumentNullException constructor. Replace this argument with one of the method's parameter names. Note that the provided parameter name should have the exact casing as declared on the method.",
          "locations": [
            {
              "resultFile": {
                "uri": "file:///C:/Users/msi2k/Documents/01.FPT_MATERIALs/CapitalBistro/src/Services/Customer/CFMS.CustomerService.API/Program.cs",
                "region": {
                  "startLine": 82,
                  "startColumn": 11,
                  "endLine": 82,
                  "endColumn": 80
                }
              }
            }
          ],
          "properties": {
            "warningLevel": 1
          }
        }
      ],
      "rules": {
        "CA1873": {
          "id": "CA1873",
          "shortDescription": "Avoid potentially expensive logging",
          "fullDescription": "In many situations, logging is disabled or set to a log level that results in an unnecessary evaluation for this argument.",
          "defaultLevel": "note",
          "helpUri": "https://learn.microsoft.com/dotnet/fundamentals/code-analysis/quality-rules/ca1873",
          "properties": {
            "category": "Performance",
            "isEnabledByDefault": true,
            "tags": [
              "Telemetry",
              "EnabledRuleInAggressiveMode"
            ]
          }
        },
        "CA2208": {
          "id": "CA2208",
          "shortDescription": "Instantiate argument exceptions correctly",
          "fullDescription": "A call is made to the default (parameterless) constructor of an exception type that is or derives from ArgumentException, or an incorrect string argument is passed to a parameterized constructor of an exception type that is or derives from ArgumentException.",
          "defaultLevel": "note",
          "helpUri": "https://learn.microsoft.com/dotnet/fundamentals/code-analysis/quality-rules/ca2208",
          "properties": {
            "category": "Usage",
            "isEnabledByDefault": true,
            "tags": [
              "PortedFromFxCop",
              "Telemetry",
              "EnabledRuleInAggressiveMode"
            ]
          }
        },
        "CS0117": {
          "id": "CS0117",
          "defaultLevel": "error",
          "helpUri": "https://msdn.microsoft.com/query/roslyn.query?appId=roslyn&k=k(CS0117)",
          "properties": {
            "category": "Compiler",
            "isEnabledByDefault": true,
            "tags": [
              "Compiler",
              "Telemetry",
              "NotConfigurable"
            ]
          }
        },
        "CS1061": {
          "id": "CS1061",
          "defaultLevel": "error",
          "helpUri": "https://msdn.microsoft.com/query/roslyn.query?appId=roslyn&k=k(CS1061)",
          "properties": {
            "category": "Compiler",
            "isEnabledByDefault": true,
            "tags": [
              "Compiler",
              "Telemetry",
              "NotConfigurable"
            ]
          }
        },
        "CS8618": {
          "id": "CS8618",
          "shortDescription": "Non-nullable field must contain a non-null value when exiting constructor. Consider adding the 'required' modifier or declaring as nullable.",
          "defaultLevel": "warning",
          "helpUri": "https://msdn.microsoft.com/query/roslyn.query?appId=roslyn&k=k(CS8618)",
          "properties": {
            "category": "Compiler",
            "isEnabledByDefault": true,
            "tags": [
              "Compiler",
              "Telemetry"
            ]
          }
        }
      }
    }
  ]
}